// Jest Snapshot v1, https://goo.gl/fbAQLP

exports[`test-changes-from-Tweet-component 1`] = `
<div
  className="tweet-main-container"
>
  <div>
    <img
      alt=""
      src="https://source.unsplash.com/random/50x50"
    />
  </div>
  <div
    className="tweet-container"
  >
    Testing
  </div>
</div>
`;
