// Jest Snapshot v1, https://goo.gl/fbAQLP

exports[`test-changes-from-Twitters-component 1`] = `
<div
  className="twitters-main-container"
>
  <div
    className="tweet-main-container"
  >
    <div>
      <img
        alt=""
        src="https://source.unsplash.com/random/50x50"
      />
    </div>
    <div
      className="tweet-container"
    >
      Just upgraded to latest chrome and experiencing this unwelcome ... Anyone know how to go back to normal?
    </div>
  </div>
  <div
    className="tweet-main-container"
  >
    <div>
      <img
        alt=""
        src="https://source.unsplash.com/random/50x50"
      />
    </div>
    <div
      className="tweet-container"
    >
      Just upgraded to latest chrome and experiencing this unwelcome ... Anyone know how to go back to normal?
    </div>
  </div>
  <textarea
    cols="4"
    onChange={[Function]}
    placeholder="What's happening..."
    rows="6"
    value=""
  />
  <div
    className="world-count-wrapper"
  >
    <span>
      50
    </span>
  </div>
  <button
    disabled={false}
    onClick={[Function]}
  >
    Post
  </button>
</div>
`;
